******************************************************************************
                  TI ARM Linker PC v18.12.4                    
******************************************************************************
>> Linked Thu Jan  2 10:52:34 2020

OUTPUT FILE NAME:   <hid_emu_kbd_cc2640r2lp_app.out>
ENTRY POINT SYMBOL: "ResetISR"  address: 0000ad81


MEMORY CONFIGURATION

         name            origin    length      used     unused   attr    fill
----------------------  --------  ---------  --------  --------  ----  --------
  FLASH                 00000000   0001f000  0000ff66  0000f09a  R  X
  FLASH_LAST_PAGE       0001f000   00001000  00000058  00000fa8  R  X
  SRAM                  20000000   00004400  0000286f  00001b91  RW X


SEGMENT ALLOCATION MAP

run origin  load origin   length   init length attrs members
----------  ----------- ---------- ----------- ----- -------
00000000    00000000    0000ef6c   0000ef6c    r-x
  00000000    00000000    0000003c   0000003c    r-- .resetVecs
  0000003c    0000003c    00000fc4   00000fc4    r-x .text.1
  00001000    00001000    00000028   00000028    r-- .const:ti_sysbios_heaps_HeapMem_Module__FXNS__C
  00001028    00001028    00000024   00000024    r-- .const:ti_sysbios_gates_GateHwi_Module__FXNS__C
  0000104c    0000104c    00000024   00000024    r-- .const:ti_sysbios_gates_GateMutex_Module__FXNS__C
  00001070    00001070    00000020   00000020    r-- .const:ti_sysbios_family_arm_m3_Hwi_Object__DESC__C
  00001090    00001090    00000020   00000020    r-- .const:ti_sysbios_gates_GateHwi_Object__DESC__C
  000010b0    000010b0    00000020   00000020    r-- .const:ti_sysbios_gates_GateMutex_Object__DESC__C
  000010d0    000010d0    00000020   00000020    r-- .const:ti_sysbios_hal_Hwi_Object__DESC__C
  000010f0    000010f0    00000020   00000020    r-- .const:ti_sysbios_heaps_HeapMem_Object__DESC__C
  00001110    00001110    00000020   00000020    r-- .const:ti_sysbios_knl_Clock_Object__DESC__C
  00001130    00001130    00000020   00000020    r-- .const:ti_sysbios_knl_Event_Object__DESC__C
  00001150    00001150    00000020   00000020    r-- .const:ti_sysbios_knl_Mailbox_Object__DESC__C
  00001170    00001170    00000020   00000020    r-- .const:ti_sysbios_knl_Queue_Object__DESC__C
  00001190    00001190    00000020   00000020    r-- .const:ti_sysbios_knl_Semaphore_Object__DESC__C
  000011b0    000011b0    00000020   00000020    r-- .const:ti_sysbios_knl_Swi_Object__DESC__C
  000011d0    000011d0    00000020   00000020    r-- .const:ti_sysbios_knl_Task_Object__DESC__C
  000011f0    000011f0    00000008   00000008    r-- .const:ti_sysbios_knl_Idle_funcList__C
  000011f8    000011f8    00000004   00000004    r-- .const:ti_sysbios_family_arm_cc26xx_Timer_startupNeeded__C
  000011fc    000011fc    00000004   00000004    r-- .const:ti_sysbios_family_arm_m3_Hwi_E_alreadyDefined__C
  00001200    00001200    00000004   00000004    r-- .const:ti_sysbios_family_arm_m3_Hwi_E_hwiLimitExceeded__C
  00001204    00001204    00000004   00000004    r-- .const:ti_sysbios_family_arm_m3_Hwi_NUM_INTERRUPTS__C
  00001208    00001208    00000004   00000004    r-- .const:ti_sysbios_family_arm_m3_Hwi_Object__count__C
  0000120c    0000120c    00000004   00000004    r-- .const:ti_sysbios_family_arm_m3_Hwi_Object__table__C
  00001210    00001210    00000004   00000004    r-- .const:ti_sysbios_family_arm_m3_Hwi_ccr__C
  00001214    00001214    00000004   00000004    r-- .const:ti_sysbios_family_arm_m3_Hwi_excHandlerFunc__C
  00001218    00001218    00000004   00000004    r-- .const:ti_sysbios_family_arm_m3_Hwi_nullIsrFunc__C
  0000121c    0000121c    00000004   00000004    r-- .const:ti_sysbios_family_arm_m3_Hwi_numSparseInterrupts__C
  00001220    00001220    00000004   00000004    r-- .const:ti_sysbios_family_arm_m3_Hwi_priGroup__C
  00001224    00001224    00000004   00000004    r-- .const:ti_sysbios_family_arm_m3_TaskSupport_stackAlignment__C
  00001228    00001228    00000004   00000004    r-- .const:ti_sysbios_heaps_HeapMem_E_memory__C
  0000122c    0000122c    00000004   00000004    r-- .const:ti_sysbios_heaps_HeapMem_Module__gateObj__C
  00001230    00001230    00000004   00000004    r-- .const:ti_sysbios_heaps_HeapMem_Object__count__C
  00001234    00001234    00000004   00000004    r-- .const:ti_sysbios_heaps_HeapMem_Object__table__C
  00001238    00001238    00000004   00000004    r-- .const:ti_sysbios_heaps_HeapMem_reqAlign__C
  0000123c    0000123c    00000004   00000004    r-- .const:ti_sysbios_knl_Clock_triggerClock__C
  00001240    00001240    00000004   00000004    r-- .const:ti_sysbios_knl_Mailbox_Object__count__C
  00001244    00001244    00000004   00000004    r-- .const:ti_sysbios_knl_Mailbox_Object__table__C
  00001248    00001248    00000004   00000004    r-- .const:ti_sysbios_knl_Mailbox_maxTypeAlign__C
  0000124c    0000124c    00000004   00000004    r-- .const:ti_sysbios_knl_Queue_Object__count__C
  00001250    00001250    00000004   00000004    r-- .const:ti_sysbios_knl_Queue_Object__table__C
  00001254    00001254    00000004   00000004    r-- .const:ti_sysbios_knl_Semaphore_eventPost__C
  00001258    00001258    00000004   00000004    r-- .const:ti_sysbios_knl_Semaphore_eventSync__C
  0000125c    0000125c    00000004   00000004    r-- .const:ti_sysbios_knl_Swi_Object__count__C
  00001260    00001260    00000004   00000004    r-- .const:ti_sysbios_knl_Swi_Object__table__C
  00001264    00001264    00000004   00000004    r-- .const:ti_sysbios_knl_Swi_numPriorities__C
  00001268    00001268    00000004   00000004    r-- .const:ti_sysbios_knl_Task_Object__count__C
  0000126c    0000126c    00000004   00000004    r-- .const:ti_sysbios_knl_Task_Object__table__C
  00001270    00001270    00000004   00000004    r-- .const:ti_sysbios_knl_Task_allBlockedFunc__C
  00001274    00001274    00000004   00000004    r-- .const:ti_sysbios_knl_Task_defaultStackHeap__C
  00001278    00001278    00000004   00000004    r-- .const:ti_sysbios_knl_Task_defaultStackSize__C
  0000127c    0000127c    00000004   00000004    r-- .const:ti_sysbios_knl_Task_numConstructedTasks__C
  00001280    00001280    00000002   00000002    r-- .const:ti_sysbios_family_arm_cc26xx_Timer_Module__id__C
  00001282    00001282    00000002   00000002    r-- .const:ti_sysbios_family_arm_cc26xx_TimestampProvider_useClockTimer__C
  00001284    00001284    00000002   00000002    r-- .const:ti_sysbios_family_arm_m3_Hwi_Module__id__C
  00001286    00001286    00000002   00000002    r-- .const:ti_sysbios_gates_GateHwi_Module__id__C
  00001288    00001288    00000002   00000002    r-- .const:ti_sysbios_gates_GateMutex_Module__id__C
  0000128a    0000128a    00000002   00000002    r-- .const:ti_sysbios_heaps_HeapMem_Module__id__C
  0000128c    0000128c    00000002   00000002    r-- .const:ti_sysbios_knl_Task_initStackFlag__C
  0000128e    0000128e    00000001   00000001    r-- .const:ti_sysbios_knl_Clock_tickMode__C
  00001290    00001290    00000008   00000008    r-- .const:xdc_runtime_Startup_firstFxns__C
  00001298    00001298    00000008   00000008    r-- .const:xdc_runtime_Startup_lastFxns__C
  000012a0    000012a0    00000004   00000004    r-- .const:xdc_runtime_Assert_E_assertFailed__C
  000012a4    000012a4    00000004   00000004    r-- .const:xdc_runtime_Error_E_memory__C
  000012a8    000012a8    00000004   00000004    r-- .const:xdc_runtime_Error_policyFxn__C
  000012ac    000012ac    00000004   00000004    r-- .const:xdc_runtime_Error_raiseHook__C
  000012b0    000012b0    00000004   00000004    r-- .const:xdc_runtime_IGateProvider_Interface__BASE__C
  000012b4    000012b4    00000004   00000004    r-- .const:xdc_runtime_IHeap_Interface__BASE__C
  000012b8    000012b8    00000004   00000004    r-- .const:xdc_runtime_IModule_Interface__BASE__C
  000012bc    000012bc    00000004   00000004    r-- .const:xdc_runtime_Memory_defaultHeapInstance__C
  000012c0    000012c0    00000004   00000004    r-- .const:xdc_runtime_Startup_execImpl__C
  000012c4    000012c4    00000004   00000004    r-- .const:xdc_runtime_Startup_maxPasses__C
  000012c8    000012c8    00000004   00000004    r-- .const:xdc_runtime_Startup_sfxnRts__C
  000012cc    000012cc    00000004   00000004    r-- .const:xdc_runtime_Startup_sfxnTab__C
  000012d0    000012d0    00000004   00000004    r-- .const:xdc_runtime_Startup_startModsFxn__C
  000012d4    000012d4    00000004   00000004    r-- .const:xdc_runtime_SysCallback_abortFxn__C
  000012d8    000012d8    00000004   00000004    r-- .const:xdc_runtime_SysCallback_exitFxn__C
  000012dc    000012dc    00000004   00000004    r-- .const:xdc_runtime_System_abortFxn__C
  000012e0    000012e0    00000004   00000004    r-- .const:xdc_runtime_System_exitFxn__C
  000012e4    000012e4    00000004   00000004    r-- .const:xdc_runtime_System_maxAtexitHandlers__C
  000012e8    000012e8    00000004   00000004    r-- .const:xdc_runtime_Text_charTab__C
  000012ec    000012ec    00000004   00000004    r-- .const:xdc_runtime_Text_nameEmpty__C
  000012f0    000012f0    00000004   00000004    r-- .const:xdc_runtime_Text_nameStatic__C
  000012f4    000012f4    00000004   00000004    r-- .const:xdc_runtime_Text_nameUnknown__C
  000012f8    000012f8    00000002   00000002    r-- .const:xdc_runtime_Error_maxDepth__C
  000012fa    000012fa    00000002   00000002    r-- .const:xdc_runtime_Memory_Module__id__C
  000012fc    000012fc    00000002   00000002    r-- .const:xdc_runtime_Text_charCnt__C
  000012fe    000012fe    00000002   00000002    r-- .const:xdc_runtime_Text_isLoaded__C
  00001300    00001300    00000001   00000001    r-- .const:xdc_runtime_Error_policy__C
  00001304    00001304    00000004   00000004    r-- .const:ti_sysbios_rom_ROM_ti_sysbios_family_arm_cc26xx_Timer_getCount64__E
  00001308    00001308    00000004   00000004    r-- .const:ti_sysbios_rom_ROM_ti_sysbios_family_arm_cc26xx_Timer_getCurrentTick__E
  0000130c    0000130c    00000004   00000004    r-- .const:ti_sysbios_rom_ROM_ti_sysbios_family_arm_cc26xx_Timer_getMaxTicks__E
  00001310    00001310    00000004   00000004    r-- .const:ti_sysbios_rom_ROM_ti_sysbios_family_arm_cc26xx_Timer_initDevice__I
  00001314    00001314    00000004   00000004    r-- .const:ti_sysbios_rom_ROM_ti_sysbios_family_arm_cc26xx_Timer_setNextTick__E
  00001318    00001318    00000004   00000004    r-- .const:ti_sysbios_rom_ROM_ti_sysbios_family_arm_cc26xx_Timer_setThreshold__I
  0000131c    0000131c    00000004   00000004    r-- .const:ti_sysbios_rom_ROM_ti_sysbios_family_arm_cc26xx_Timer_start__E
  00001320    00001320    00000004   00000004    r-- .const:ti_sysbios_rom_ROM_ti_sysbios_family_arm_cc26xx_TimestampProvider_get32__E
  00001324    00001324    00000004   00000004    r-- .const:ti_sysbios_rom_ROM_xdc_runtime_Startup_getState__I
  00001328    00001328    00000004   00000004    r-- .const:ti_sysbios_rom_ROM_xdc_runtime_System_SupportProxy_abort__E
  0000132c    0000132c    00000004   00000004    r-- .const:ti_sysbios_rom_ROM_xdc_runtime_System_SupportProxy_exit__E
  00001330    00001330    0000c6e4   0000c6e4    r-x .text.2
  0000da14    0000da14    00000f7a   00000f7a    r-- .const
  0000e990    0000e990    00000090   00000090    r-- .rodata
  0000ea20    0000ea20    0000054c   0000054c    r-- .cinit
0001e000    0001e000    00001000   00001000    r--
  0001e000    0001e000    00001000   00001000    r-- .snvSectors
0001ffa8    0001ffa8    00000058   00000058    r--
  0001ffa8    0001ffa8    00000058   00000058    r-- .ccfg
20000100    20000100    000023a9   00000000    rw-
  20000100    20000100    00000044   00000000    rw- .data:ti_sysbios_knl_Task_Module__state__V
  20000144    20000144    00000034   00000000    rw- .data:ti_sysbios_family_arm_m3_Hwi_Module__state__V
  20000178    20000178    0000002c   00000000    rw- .data:ti_sysbios_knl_Clock_Module__state__V
  200001a4    200001a4    00000024   00000000    rw- .data:ti_sysbios_BIOS_Module__state__V
  200001c8    200001c8    0000001c   00000000    rw- .data:ti_sysbios_knl_Swi_Module__state__V
  200001e4    200001e4    00000008   00000000    rw- .data:ti_sysbios_family_arm_cc26xx_Timer_Module__state__V
  200001ec    200001ec    00000004   00000000    rw- .data:ti_sysbios_family_arm_cc26xx_TimestampProvider_Module__state__V
  200001f0    200001f0    00000008   00000000    rw- .data:xdc_runtime_Startup_Module__state__V
  200001f8    200001f8    00000008   00000000    rw- .data:xdc_runtime_System_Module__state__V
  20000200    20000200    00000004   00000000    rw- .data:xdc_runtime_Memory_Module__state__V
  20000204    20000204    00000002   00000000    rw- .data:xdc_runtime_Error_Module__state__V
  20000208    20000208    00001ae6   00000000    rw- .data
  20001cf0    20001cf0    000007b9   00000000    rw- .bss
20004000    20004000    00000400   00000000    rw-
  20004000    20004000    00000400   00000000    rw- .stack


SECTION ALLOCATION MAP

 output                                  attributes/
section   page    origin      length       input sections
--------  ----  ----------  ----------   ----------------
.const:ti_sysbios_heaps_HeapMem_Module__FXNS__C 
*          0    00001000    00000028     
                  00001000    00000028     app_ble_pem3.oem3 (.const:ti_sysbios_heaps_HeapMem_Module__FXNS__C)

.const:ti_sysbios_gates_GateHwi_Module__FXNS__C 
*          0    00001028    00000024     
                  00001028    00000024     app_ble_pem3.oem3 (.const:ti_sysbios_gates_GateHwi_Module__FXNS__C)

.const:ti_sysbios_gates_GateMutex_Module__FXNS__C 
*          0    0000104c    00000024     
                  0000104c    00000024     app_ble_pem3.oem3 (.const:ti_sysbios_gates_GateMutex_Module__FXNS__C)

.const:ti_sysbios_family_arm_m3_Hwi_Object__DESC__C 
*          0    00001070    00000020     
                  00001070    00000020     app_ble_pem3.oem3 (.const:ti_sysbios_family_arm_m3_Hwi_Object__DESC__C)

.const:ti_sysbios_gates_GateHwi_Object__DESC__C 
*          0    00001090    00000020     
                  00001090    00000020     app_ble_pem3.oem3 (.const:ti_sysbios_gates_GateHwi_Object__DESC__C)

.const:ti_sysbios_gates_GateMutex_Object__DESC__C 
*          0    000010b0    00000020     
                  000010b0    00000020     app_ble_pem3.oem3 (.const:ti_sysbios_gates_GateMutex_Object__DESC__C)

.const:ti_sysbios_hal_Hwi_Object__DESC__C 
*          0    000010d0    00000020     
                  000010d0    00000020     app_ble_pem3.oem3 (.const:ti_sysbios_hal_Hwi_Object__DESC__C)

.const:ti_sysbios_heaps_HeapMem_Object__DESC__C 
*          0    000010f0    00000020     
                  000010f0    00000020     app_ble_pem3.oem3 (.const:ti_sysbios_heaps_HeapMem_Object__DESC__C)

.const:ti_sysbios_knl_Clock_Object__DESC__C 
*          0    00001110    00000020     
                  00001110    00000020     app_ble_pem3.oem3 (.const:ti_sysbios_knl_Clock_Object__DESC__C)

.const:ti_sysbios_knl_Event_Object__DESC__C 
*          0    00001130    00000020     
                  00001130    00000020     app_ble_pem3.oem3 (.const:ti_sysbios_knl_Event_Object__DESC__C)

.const:ti_sysbios_knl_Mailbox_Object__DESC__C 
*          0    00001150    00000020     
                  00001150    00000020     app_ble_pem3.oem3 (.const:ti_sysbios_knl_Mailbox_Object__DESC__C)

.const:ti_sysbios_knl_Queue_Object__DESC__C 
*          0    00001170    00000020     
                  00001170    00000020     app_ble_pem3.oem3 (.const:ti_sysbios_knl_Queue_Object__DESC__C)

.const:ti_sysbios_knl_Semaphore_Object__DESC__C 
*          0    00001190    00000020     
                  00001190    00000020     app_ble_pem3.oem3 (.const:ti_sysbios_knl_Semaphore_Object__DESC__C)

.const:ti_sysbios_knl_Swi_Object__DESC__C 
*          0    000011b0    00000020     
                  000011b0    00000020     app_ble_pem3.oem3 (.const:ti_sysbios_knl_Swi_Object__DESC__C)

.const:ti_sysbios_knl_Task_Object__DESC__C 
*          0    000011d0    00000020     
                  000011d0    00000020     app_ble_pem3.oem3 (.const:ti_sysbios_knl_Task_Object__DESC__C)

.const:ti_sysbios_knl_Idle_funcList__C 
*          0    000011f0    00000008     
                  000011f0    00000008     app_ble_pem3.oem3 (.const:ti_sysbios_knl_Idle_funcList__C)

.const:ti_sysbios_family_arm_cc26xx_Timer_startupNeeded__C 
*          0    000011f8    00000004     
                  000011f8    00000004     app_ble_pem3.oem3 (.const:ti_sysbios_family_arm_cc26xx_Timer_startupNeeded__C)

.const:ti_sysbios_family_arm_m3_Hwi_E_alreadyDefined__C 
*          0    000011fc    00000004     
                  000011fc    00000004     app_ble_pem3.oem3 (.const:ti_sysbios_family_arm_m3_Hwi_E_alreadyDefined__C)

.const:ti_sysbios_family_arm_m3_Hwi_E_hwiLimitExceeded__C 
*          0    00001200    00000004     
                  00001200    00000004     app_ble_pem3.oem3 (.const:ti_sysbios_family_arm_m3_Hwi_E_hwiLimitExceeded__C)

.const:ti_sysbios_family_arm_m3_Hwi_NUM_INTERRUPTS__C 
*          0    00001204    00000004     
                  00001204    00000004     app_ble_pem3.oem3 (.const:ti_sysbios_family_arm_m3_Hwi_NUM_INTERRUPTS__C)

.const:ti_sysbios_family_arm_m3_Hwi_Object__count__C 
*          0    00001208    00000004     
                  00001208    00000004     app_ble_pem3.oem3 (.const:ti_sysbios_family_arm_m3_Hwi_Object__count__C)

.const:ti_sysbios_family_arm_m3_Hwi_Object__table__C 
*          0    0000120c    00000004     
                  0000120c    00000004     app_ble_pem3.oem3 (.const:ti_sysbios_family_arm_m3_Hwi_Object__table__C)

.const:ti_sysbios_family_arm_m3_Hwi_ccr__C 
*          0    00001210    00000004     
                  00001210    00000004     app_ble_pem3.oem3 (.const:ti_sysbios_family_arm_m3_Hwi_ccr__C)

.const:ti_sysbios_family_arm_m3_Hwi_excHandlerFunc__C 
*          0    00001214    00000004     
                  00001214    00000004     app_ble_pem3.oem3 (.const:ti_sysbios_family_arm_m3_Hwi_excHandlerFunc__C)

.const:ti_sysbios_family_arm_m3_Hwi_nullIsrFunc__C 
*          0    00001218    00000004     
                  00001218    00000004     app_ble_pem3.oem3 (.const:ti_sysbios_family_arm_m3_Hwi_nullIsrFunc__C)

.const:ti_sysbios_family_arm_m3_Hwi_numSparseInterrupts__C 
*          0    0000121c    00000004     
                  0000121c    00000004     app_ble_pem3.oem3 (.const:ti_sysbios_family_arm_m3_Hwi_numSparseInterrupts__C)

.const:ti_sysbios_family_arm_m3_Hwi_priGroup__C 
*          0    00001220    00000004     
                  00001220    00000004     app_ble_pem3.oem3 (.const:ti_sysbios_family_arm_m3_Hwi_priGroup__C)

.const:ti_sysbios_family_arm_m3_TaskSupport_stackAlignment__C 
*          0    00001224    00000004     
                  00001224    00000004     app_ble_pem3.oem3 (.const:ti_sysbios_family_arm_m3_TaskSupport_stackAlignment__C)

.const:ti_sysbios_heaps_HeapMem_E_memory__C 
*          0    00001228    00000004     
                  00001228    00000004     app_ble_pem3.oem3 (.const:ti_sysbios_heaps_HeapMem_E_memory__C)

.const:ti_sysbios_heaps_HeapMem_Module__gateObj__C 
*          0    0000122c    00000004     
                  0000122c    00000004     app_ble_pem3.oem3 (.const:ti_sysbios_heaps_HeapMem_Module__gateObj__C)

.const:ti_sysbios_heaps_HeapMem_Object__count__C 
*          0    00001230    00000004     
                  00001230    00000004     app_ble_pem3.oem3 (.const:ti_sysbios_heaps_HeapMem_Object__count__C)

.const:ti_sysbios_heaps_HeapMem_Object__table__C 
*          0    00001234    00000004     
                  00001234    00000004     app_ble_pem3.oem3 (.const:ti_sysbios_heaps_HeapMem_Object__table__C)

.const:ti_sysbios_heaps_HeapMem_reqAlign__C 
*          0    00001238    00000004     
                  00001238    00000004     app_ble_pem3.oem3 (.const:ti_sysbios_heaps_HeapMem_reqAlign__C)

.const:ti_sysbios_knl_Clock_triggerClock__C 
*          0    0000123c    00000004     
                  0000123c    00000004     app_ble_pem3.oem3 (.const:ti_sysbios_knl_Clock_triggerClock__C)

.const:ti_sysbios_knl_Mailbox_Object__count__C 
*          0    00001240    00000004     
                  00001240    00000004     app_ble_pem3.oem3 (.const:ti_sysbios_knl_Mailbox_Object__count__C)

.const:ti_sysbios_knl_Mailbox_Object__table__C 
*          0    00001244    00000004     
                  00001244    00000004     app_ble_pem3.oem3 (.const:ti_sysbios_knl_Mailbox_Object__table__C)

.const:ti_sysbios_knl_Mailbox_maxTypeAlign__C 
*          0    00001248    00000004     
                  00001248    00000004     app_ble_pem3.oem3 (.const:ti_sysbios_knl_Mailbox_maxTypeAlign__C)

.const:ti_sysbios_knl_Queue_Object__count__C 
*          0    0000124c    00000004     
                  0000124c    00000004     app_ble_pem3.oem3 (.const:ti_sysbios_knl_Queue_Object__count__C)

.const:ti_sysbios_knl_Queue_Object__table__C 
*          0    00001250    00000004     
                  00001250    00000004     app_ble_pem3.oem3 (.const:ti_sysbios_knl_Queue_Object__table__C)

.const:ti_sysbios_knl_Semaphore_eventPost__C 
*          0    00001254    00000004     
                  00001254    00000004     app_ble_pem3.oem3 (.const:ti_sysbios_knl_Semaphore_eventPost__C)

.const:ti_sysbios_knl_Semaphore_eventSync__C 
*          0    00001258    00000004     
                  00001258    00000004     app_ble_pem3.oem3 (.const:ti_sysbios_knl_Semaphore_eventSync__C)

.const:ti_sysbios_knl_Swi_Object__count__C 
*          0    0000125c    00000004     
                  0000125c    00000004     app_ble_pem3.oem3 (.const:ti_sysbios_knl_Swi_Object__count__C)

.const:ti_sysbios_knl_Swi_Object__table__C 
*          0    00001260    00000004     
                  00001260    00000004     app_ble_pem3.oem3 (.const:ti_sysbios_knl_Swi_Object__table__C)

.const:ti_sysbios_knl_Swi_numPriorities__C 
*          0    00001264    00000004     
                  00001264    00000004     app_ble_pem3.oem3 (.const:ti_sysbios_knl_Swi_numPriorities__C)

.const:ti_sysbios_knl_Task_Object__count__C 
*          0    00001268    00000004     
                  00001268    00000004     app_ble_pem3.oem3 (.const:ti_sysbios_knl_Task_Object__count__C)

.const:ti_sysbios_knl_Task_Object__table__C 
*          0    0000126c    00000004     
                  0000126c    00000004     app_ble_pem3.oem3 (.const:ti_sysbios_knl_Task_Object__table__C)

.const:ti_sysbios_knl_Task_allBlockedFunc__C 
*          0    00001270    00000004     
                  00001270    00000004     app_ble_pem3.oem3 (.const:ti_sysbios_knl_Task_allBlockedFunc__C)

.const:ti_sysbios_knl_Task_defaultStackHeap__C 
*          0    00001274    00000004     
                  00001274    00000004     app_ble_pem3.oem3 (.const:ti_sysbios_knl_Task_defaultStackHeap__C)

.const:ti_sysbios_knl_Task_defaultStackSize__C 
*          0    00001278    00000004     
                  00001278    00000004     app_ble_pem3.oem3 (.const:ti_sysbios_knl_Task_defaultStackSize__C)

.const:ti_sysbios_knl_Task_numConstructedTasks__C 
*          0    0000127c    00000004     
                  0000127c    00000004     app_ble_pem3.oem3 (.const:ti_sysbios_knl_Task_numConstructedTasks__C)

.const:ti_sysbios_family_arm_cc26xx_Timer_Module__id__C 
*          0    00001280    00000002     
                  00001280    00000002     app_ble_pem3.oem3 (.const:ti_sysbios_family_arm_cc26xx_Timer_Module__id__C)

.const:ti_sysbios_family_arm_cc26xx_TimestampProvider_useClockTimer__C 
*          0    00001282    00000002     
                  00001282    00000002     app_ble_pem3.oem3 (.const:ti_sysbios_family_arm_cc26xx_TimestampProvider_useClockTimer__C)

.const:ti_sysbios_family_arm_m3_Hwi_Module__id__C 
*          0    00001284    00000002     
                  00001284    00000002     app_ble_pem3.oem3 (.const:ti_sysbios_family_arm_m3_Hwi_Module__id__C)

.const:ti_sysbios_gates_GateHwi_Module__id__C 
*          0    00001286    00000002     
                  00001286    00000002     app_ble_pem3.oem3 (.const:ti_sysbios_gates_GateHwi_Module__id__C)

.const:ti_sysbios_gates_GateMutex_Module__id__C 
*          0    00001288    00000002     
                  00001288    00000002     app_ble_pem3.oem3 (.const:ti_sysbios_gates_GateMutex_Module__id__C)

.const:ti_sysbios_heaps_HeapMem_Module__id__C 
*          0    0000128a    00000002     
                  0000128a    00000002     app_ble_pem3.oem3 (.const:ti_sysbios_heaps_HeapMem_Module__id__C)

.const:ti_sysbios_knl_Task_initStackFlag__C 
*          0    0000128c    00000002     
                  0000128c    00000002     app_ble_pem3.oem3 (.const:ti_sysbios_knl_Task_initStackFlag__C)

.const:ti_sysbios_knl_Clock_tickMode__C 
*          0    0000128e    00000001     
                  0000128e    00000001     app_ble_pem3.oem3 (.const:ti_sysbios_knl_Clock_tickMode__C)

.const:xdc_runtime_Startup_firstFxns__C 
*          0    00001290    00000008     
                  00001290    00000008     app_ble_pem3.oem3 (.const:xdc_runtime_Startup_firstFxns__C)

.const:xdc_runtime_Startup_lastFxns__C 
*          0    00001298    00000008     
                  00001298    00000008     app_ble_pem3.oem3 (.const:xdc_runtime_Startup_lastFxns__C)

.const:xdc_runtime_Assert_E_assertFailed__C 
*          0    000012a0    00000004     
                  000012a0    00000004     app_ble_pem3.oem3 (.const:xdc_runtime_Assert_E_assertFailed__C)

.const:xdc_runtime_Error_E_memory__C 
*          0    000012a4    00000004     
                  000012a4    00000004     app_ble_pem3.oem3 (.const:xdc_runtime_Error_E_memory__C)

.const:xdc_runtime_Error_policyFxn__C 
*          0    000012a8    00000004     
                  000012a8    00000004     app_ble_pem3.oem3 (.const:xdc_runtime_Error_policyFxn__C)

.const:xdc_runtime_Error_raiseHook__C 
*          0    000012ac    00000004     
                  000012ac    00000004     app_ble_pem3.oem3 (.const:xdc_runtime_Error_raiseHook__C)

.const:xdc_runtime_IGateProvider_Interface__BASE__C 
*          0    000012b0    00000004     
                  000012b0    00000004     app_ble_pem3.oem3 (.const:xdc_runtime_IGateProvider_Interface__BASE__C)

.const:xdc_runtime_IHeap_Interface__BASE__C 
*          0    000012b4    00000004     
                  000012b4    00000004     app_ble_pem3.oem3 (.const:xdc_runtime_IHeap_Interface__BASE__C)

.const:xdc_runtime_IModule_Interface__BASE__C 
*          0    000012b8    00000004     
                  000012b8    00000004     app_ble_pem3.oem3 (.const:xdc_runtime_IModule_Interface__BASE__C)

.const:xdc_runtime_Memory_defaultHeapInstance__C 
*          0    000012bc    00000004     
                  000012bc    00000004     app_ble_pem3.oem3 (.const:xdc_runtime_Memory_defaultHeapInstance__C)

.const:xdc_runtime_Startup_execImpl__C 
*          0    000012c0    00000004     
                  000012c0    00000004     app_ble_pem3.oem3 (.const:xdc_runtime_Startup_execImpl__C)

.const:xdc_runtime_Startup_maxPasses__C 
*          0    000012c4    00000004     
                  000012c4    00000004     app_ble_pem3.oem3 (.const:xdc_runtime_Startup_maxPasses__C)

.const:xdc_runtime_Startup_sfxnRts__C 
*          0    000012c8    00000004     
                  000012c8    00000004     app_ble_pem3.oem3 (.const:xdc_runtime_Startup_sfxnRts__C)

.const:xdc_runtime_Startup_sfxnTab__C 
*          0    000012cc    00000004     
                  000012cc    00000004     app_ble_pem3.oem3 (.const:xdc_runtime_Startup_sfxnTab__C)

.const:xdc_runtime_Startup_startModsFxn__C 
*          0    000012d0    00000004     
                  000012d0    00000004     app_ble_pem3.oem3 (.const:xdc_runtime_Startup_startModsFxn__C)

.const:xdc_runtime_SysCallback_abortFxn__C 
*          0    000012d4    00000004     
                  000012d4    00000004     app_ble_pem3.oem3 (.const:xdc_runtime_SysCallback_abortFxn__C)

.const:xdc_runtime_SysCallback_exitFxn__C 
*          0    000012d8    00000004     
                  000012d8    00000004     app_ble_pem3.oem3 (.const:xdc_runtime_SysCallback_exitFxn__C)

.const:xdc_runtime_System_abortFxn__C 
*          0    000012dc    00000004     
                  000012dc    00000004     app_ble_pem3.oem3 (.const:xdc_runtime_System_abortFxn__C)

.const:xdc_runtime_System_exitFxn__C 
*          0    000012e0    00000004     
                  000012e0    00000004     app_ble_pem3.oem3 (.const:xdc_runtime_System_exitFxn__C)

.const:xdc_runtime_System_maxAtexitHandlers__C 
*          0    000012e4    00000004     
                  000012e4    00000004     app_ble_pem3.oem3 (.const:xdc_runtime_System_maxAtexitHandlers__C)

.const:xdc_runtime_Text_charTab__C 
*          0    000012e8    00000004     
                  000012e8    00000004     app_ble_pem3.oem3 (.const:xdc_runtime_Text_charTab__C)

.const:xdc_runtime_Text_nameEmpty__C 
*          0    000012ec    00000004     
                  000012ec    00000004     app_ble_pem3.oem3 (.const:xdc_runtime_Text_nameEmpty__C)

.const:xdc_runtime_Text_nameStatic__C 
*          0    000012f0    00000004     
                  000012f0    00000004     app_ble_pem3.oem3 (.const:xdc_runtime_Text_nameStatic__C)

.const:xdc_runtime_Text_nameUnknown__C 
*          0    000012f4    00000004     
                  000012f4    00000004     app_ble_pem3.oem3 (.const:xdc_runtime_Text_nameUnknown__C)

.const:xdc_runtime_Error_maxDepth__C 
*          0    000012f8    00000002     
                  000012f8    00000002     app_ble_pem3.oem3 (.const:xdc_runtime_Error_maxDepth__C)

.const:xdc_runtime_Memory_Module__id__C 
*          0    000012fa    00000002     
                  000012fa    00000002     app_ble_pem3.oem3 (.const:xdc_runtime_Memory_Module__id__C)

.const:xdc_runtime_Text_charCnt__C 
*          0    000012fc    00000002     
                  000012fc    00000002     app_ble_pem3.oem3 (.const:xdc_runtime_Text_charCnt__C)

.const:xdc_runtime_Text_isLoaded__C 
*          0    000012fe    00000002     
                  000012fe    00000002     app_ble_pem3.oem3 (.const:xdc_runtime_Text_isLoaded__C)

.const:xdc_runtime_Error_policy__C 
*          0    00001300    00000001     
                  00001300    00000001     app_ble_pem3.oem3 (.const:xdc_runtime_Error_policy__C)

.const:ti_sysbios_rom_ROM_ti_sysbios_family_arm_cc26xx_Timer_getCount64__E 
*          0    00001304    00000004     
                  00001304    00000004     app_ble_pem3.oem3 (.const:ti_sysbios_rom_ROM_ti_sysbios_family_arm_cc26xx_Timer_getCount64__E)

.const:ti_sysbios_rom_ROM_ti_sysbios_family_arm_cc26xx_Timer_getCurrentTick__E 
*          0    00001308    00000004     
                  00001308    00000004     app_ble_pem3.oem3 (.const:ti_sysbios_rom_ROM_ti_sysbios_family_arm_cc26xx_Timer_getCurrentTick__E)

.const:ti_sysbios_rom_ROM_ti_sysbios_family_arm_cc26xx_Timer_getMaxTicks__E 
*          0    0000130c    00000004     
                  0000130c    00000004     app_ble_pem3.oem3 (.const:ti_sysbios_rom_ROM_ti_sysbios_family_arm_cc26xx_Timer_getMaxTicks__E)

.const:ti_sysbios_rom_ROM_ti_sysbios_family_arm_cc26xx_Timer_initDevice__I 
*          0    00001310    00000004     
                  00001310    00000004     app_ble_pem3.oem3 (.const:ti_sysbios_rom_ROM_ti_sysbios_family_arm_cc26xx_Timer_initDevice__I)

.const:ti_sysbios_rom_ROM_ti_sysbios_family_arm_cc26xx_Timer_setNextTick__E 
*          0    00001314    00000004     
                  00001314    00000004     app_ble_pem3.oem3 (.const:ti_sysbios_rom_ROM_ti_sysbios_family_arm_cc26xx_Timer_setNextTick__E)

.const:ti_sysbios_rom_ROM_ti_sysbios_family_arm_cc26xx_Timer_setThreshold__I 
*          0    00001318    00000004     
                  00001318    00000004     app_ble_pem3.oem3 (.const:ti_sysbios_rom_ROM_ti_sysbios_family_arm_cc26xx_Timer_setThreshold__I)

.const:ti_sysbios_rom_ROM_ti_sysbios_family_arm_cc26xx_Timer_start__E 
*          0    0000131c    00000004     
                  0000131c    00000004     app_ble_pem3.oem3 (.const:ti_sysbios_rom_ROM_ti_sysbios_family_arm_cc26xx_Timer_start__E)

.const:ti_sysbios_rom_ROM_ti_sysbios_family_arm_cc26xx_TimestampProvider_get32__E 
*          0    00001320    00000004     
                  00001320    00000004     app_ble_pem3.oem3 (.const:ti_sysbios_rom_ROM_ti_sysbios_family_arm_cc26xx_TimestampProvider_get32__E)

.const:ti_sysbios_rom_ROM_xdc_runtime_Startup_getState__I 
*          0    00001324    00000004     
                  00001324    00000004     app_ble_pem3.oem3 (.const:ti_sysbios_rom_ROM_xdc_runtime_Startup_getState__I)

.const:ti_sysbios_rom_ROM_xdc_runtime_System_SupportProxy_abort__E 
*          0    00001328    00000004     
                  00001328    00000004     app_ble_pem3.oem3 (.const:ti_sysbios_rom_ROM_xdc_runtime_System_SupportProxy_abort__E)

.const:ti_sysbios_rom_ROM_xdc_runtime_System_SupportProxy_exit__E 
*          0    0000132c    00000004     
                  0000132c    00000004     app_ble_pem3.oem3 (.const:ti_sysbios_rom_ROM_xdc_runtime_System_SupportProxy_exit__E)

.data:ti_sysbios_knl_Task_Module__state__V 
*          0    20000100    00000044     UNINITIALIZED
                  20000100    00000044     app_ble_pem3.oem3 (.data:ti_sysbios_knl_Task_Module__state__V)

.data:ti_sysbios_family_arm_m3_Hwi_Module__state__V 
*          0    20000144    00000034     UNINITIALIZED
                  20000144    00000034     app_ble_pem3.oem3 (.data:ti_sysbios_family_arm_m3_Hwi_Module__state__V)

.data:ti_sysbios_knl_Clock_Module__state__V 
*          0    20000178    0000002c     UNINITIALIZED
                  20000178    0000002c     app_ble_pem3.oem3 (.data:ti_sysbios_knl_Clock_Module__state__V)

.data:ti_sysbios_BIOS_Module__state__V 
*          0    200001a4    00000024     UNINITIALIZED
                  200001a4    00000024     app_ble_pem3.oem3 (.data:ti_sysbios_BIOS_Module__state__V)

.data:ti_sysbios_knl_Swi_Module__state__V 
*          0    200001c8    0000001c     UNINITIALIZED
                  200001c8    0000001c     app_ble_pem3.oem3 (.data:ti_sysbios_knl_Swi_Module__state__V)

.data:ti_sysbios_family_arm_cc26xx_Timer_Module__state__V 
*          0    200001e4    00000008     UNINITIALIZED
                  200001e4    00000008     app_ble_pem3.oem3 (.data:ti_sysbios_family_arm_cc26xx_Timer_Module__state__V)

.data:ti_sysbios_family_arm_cc26xx_TimestampProvider_Module__state__V 
*          0    200001ec    00000004     UNINITIALIZED
                  200001ec    00000004     app_ble_pem3.oem3 (.data:ti_sysbios_family_arm_cc26xx_TimestampProvider_Module__state__V)

.data:xdc_runtime_Startup_Module__state__V 
*          0    200001f0    00000008     UNINITIALIZED
                  200001f0    00000008     app_ble_pem3.oem3 (.data:xdc_runtime_Startup_Module__state__V)

.data:xdc_runtime_System_Module__state__V 
*          0    200001f8    00000008     UNINITIALIZED
                  200001f8    00000008     app_ble_pem3.oem3 (.data:xdc_runtime_System_Module__state__V)

.data:xdc_runtime_Memory_Module__state__V 
*          0    20000200    00000004     UNINITIALIZED
                  20000200    00000004     app_ble_pem3.oem3 (.data:xdc_runtime_Memory_Module__state__V)

.data:xdc_runtime_Error_Module__state__V 
*          0    20000204    00000002     UNINITIALIZED
                  20000204    00000002     app_ble_pem3.oem3 (.data:xdc_runtime_Error_Module__state__V)

.bootVecs 
*          0    00000000    00000008     DSECT
                  00000000    00000008     boot.aem3 : boot.oem3 (.bootVecs)

.resetVecs 
*          0    00000000    0000003c     
                  00000000    0000003c     app_ble_pem3.oem3 (.resetVecs)

.vecs      0    20000000    000000c8     NOLOAD SECTION
                  20000000    000000c8     app_ble_pem3.oem3 (.vecs)

xdc.meta   0    00000000    00000100     COPY SECTION
                  00000000    00000100     app_ble_pem3.oem3 (xdc.meta)

xdc.noload 
*          0    00000000    00000000     COPY SECTION

.cinit     0    0000ea20    0000054c     
                  0000ea20    00000404     (.cinit..data.load) [load image, compression = lzss]
                  0000ee24    00000028     (.cinit..data:ti_sysbios_family_arm_m3_Hwi_Module__state__V.load) [load image, compression = lzss]
                  0000ee4c    00000021     (.cinit..data:ti_sysbios_knl_Task_Module__state__V.load) [load image, compression = lzss]
                  0000ee6d    0000001f     (.cinit..data:ti_sysbios_BIOS_Module__state__V.load) [load image, compression = lzss]
                  0000ee8c    0000001e     (.cinit..data:ti_sysbios_knl_Clock_Module__state__V.load) [load image, compression = lzss]
                  0000eeaa    00000010     (.cinit..data:ti_sysbios_knl_Swi_Module__state__V.load) [load image, compression = lzss]
                  0000eeba    00000002     --HOLE-- [fill = 0]
                  0000eebc    0000000c     (__TI_handler_table)
                  0000eec8    0000000b     (.cinit..data:ti_sysbios_family_arm_cc26xx_Timer_Module__state__V.load) [load image, compression = lzss]
                  0000eed3    00000005     --HOLE-- [fill = 0]
                  0000eed8    00000008     (.cinit..bss.load) [load image, compression = zero_init]
                  0000eee0    00000008     (.cinit..data:xdc_runtime_Memory_Module__state__V.load) [load image, compression = lzss]
                  0000eee8    00000007     (.cinit..data:ti_sysbios_family_arm_cc26xx_TimestampProvider_Module__state__V.load) [load image, compression = lzss]
                  0000eeef    00000007     (.cinit..data:xdc_runtime_Startup_Module__state__V.load) [load image, compression = lzss]
                  0000eef6    00000007     (.cinit..data:xdc_runtime_System_Module__state__V.load) [load image, compression = lzss]
                  0000eefd    00000006     (.cinit..data:xdc_runtime_Error_Module__state__V.load) [load image, compression = lzss]
                  0000ef03    00000001     --HOLE-- [fill = 0]
                  0000ef04    00000068     (__TI_cinit_table)

.init_array 
*          0    00000000    00000000     UNINITIALIZED

.snvSectors 
*          0    0001e000    00001000     
                  0001e000    00001000     hid_emu_kbd_cc2640r2lp_stack_library.lib : osal_snv_wrapper.obj (.snvSectors:retain)

.ccfg      0    0001ffa8    00000058     
                  0001ffa8    00000058     ccfg_app_ble.obj (.ccfg:retain)

.data      0    20000208    00001ae6     UNINITIALIZED
                  20000208    00000684     hidemukbd.obj (.data:$O2$$)
                  2000088c    00000004     hid_emu_kbd_cc2640r2lp_stack_library.lib : osal_pwrmgr.obj (.data:$O19$$)
                  20000890    00000340     peripheral.obj (.data:$O14$$)
                  20000bd0    0000030c     hiddev.obj (.data:$O12$$)
                  20000edc    0000023c     hidkbdservice.obj (.data:$O13$$)
                  20001118    000001d4     devinfoservice.obj (.data:$O10$$)
                  200012ec    00000174     hid_emu_kbd_cc2640r2lp_stack_library.lib : gapbondmgr.obj (.data:$O22$$)
                  20001460    00000114     drivers_cc26x0r2.aem3 : PINCC26XX.oem3 (.data:$O1$$)
                  20001574    00000114                           : PowerCC26XX.oem3 (.data:PowerCC26XX_module)
                  20001688    000000a8     icall.obj (.data:$O6$$)
                  20001730    0000007c     hid_emu_kbd_cc2640r2lp_stack_library.lib : osal_cbtimer.obj (.data:$O24$$)
                  200017ac    00000078     battservice.obj (.data:$O9$$)
                  20001824    00000070     cc26xx_profiles_pxxx.a : gapgattserver.o (.data)
                  20001894    0000006c     scanparamservice.obj (.data:$O15$$)
                  20001900    0000004c     app_ble_pem3.oem3 (.data:ti_sysbios_knl_Task_Object__table__V)
                  2000194c    00000048     board_key.obj (.data:$O1$$)
                  20001994    00000004     hid_emu_kbd_cc2640r2lp_stack_library.lib : osal_snv_wrapper.obj (.data:$O20$$)
                  20001998    00000048     app_ble_pem3.oem3 (.data:ti_sysbios_family_arm_cc26xx_Timer_Object__table__V)
                  200019e0    00000038     app_ble_pem3.oem3 (.data:ti_sysbios_gates_GateMutex_Object__table__V)
                  20001a18    00000034     npi_tl_uart.obj (.data:$O3$$)
                  20001a4c    00000030     cc2640_ll_pxxx_ext_scan_ext_adv.a : ll_config.o (.data)
                  20001a7c    00000030     app_ble_pem3.oem3 (.data:ti_sysbios_knl_Swi_Module_State_0_readyQ__A)
                  20001aac    00000030     app_ble_pem3.oem3 (.data:ti_sysbios_knl_Swi_Object__table__V)
                  20001adc    00000030     app_ble_pem3.oem3 (.data:ti_sysbios_knl_Task_Module_State_0_readyQ__A)
                  20001b0c    0000002c     hid_emu_kbd_cc2640r2lp_stack_library.lib : osal.obj (.data:$O18$$)
                  20001b38    00000024     cc26xx_profiles_pxxx.a : gapgattserver.o (.data)
                  20001b5c    00000020     app_ble_pem3.oem3 (.data:ti_sysbios_knl_Clock_Object__table__V)
                  20001b7c    00000020     app_ble_pem3.oem3 (.data:xdc_runtime_Error_IgnoreBlock)
                  20001b9c    00000018     app_ble_pem3.oem3 (.data:ti_sysbios_family_arm_m3_Hwi_Object__table__V)
                  20001bb4    00000010     icall_user_config.obj (.data:bleAppServiceInfoTable)
                  20001bc4    00000010     cc26xx_profiles_pxxx.a : gattservapp.o (.data)
                  20001bd4    00000010     icall_api_lite.obj (.data)
                  20001be4    00000010     ble_user_config.obj (.data:rfRegTbl)
                  20001bf4    00000010     main.obj (.data:user0Cfg)
                  20001c04    0000000c     hidkbdservice.obj (.data)
                  20001c10    0000000c     app_ble_pem3.oem3 (.data:ti_sysbios_heaps_HeapCallback_Object__table__V)
                  20001c1c    00000009     devinfoservice.obj (.data)
                  20001c25    00000002     hidkbdservice.obj (.data:hidExtReportRefDesc$17)
                  20001c27    00000001     TRNGCC26XX.obj (.data)
                  20001c28    00000008     hid_emu_kbd_cc2640r2lp_stack_library.lib : hal_assert.obj (.data:$O17$$)
                  20001c30    00000008                                              : osal_clock.obj (.data:$O25$$)
                  20001c38    00000008     rtsv7M3_T_le_eabi.lib : _lock.c.obj (.data:$O26$$)
                  20001c40    00000008     ECCROMCC26XX.obj (.data:$O4$$)
                  20001c48    00000008     icall_cc2650.obj (.data:$O8$$)
                  20001c50    00000008     battservice.obj (.data:battLevelPresentation$12)
                  20001c58    00000008     cc2640_ll_pxxx_ext_scan_ext_adv.a : ll_data.o (.data)
                  20001c60    00000008     app_ble_pem3.oem3 (.data:ti_sysbios_family_arm_m3_Hwi_Module__root__V)
                  20001c68    00000008     app_ble_pem3.oem3 (.data:ti_sysbios_gates_GateHwi_Module__root__V)
                  20001c70    00000008     app_ble_pem3.oem3 (.data:ti_sysbios_gates_GateMutex_Module__root__V)
                  20001c78    00000008     app_ble_pem3.oem3 (.data:ti_sysbios_hal_Hwi_Module__root__V)
                  20001c80    00000008     app_ble_pem3.oem3 (.data:ti_sysbios_heaps_HeapCallback_Module__root__V)
                  20001c88    00000008     app_ble_pem3.oem3 (.data:ti_sysbios_heaps_HeapMem_Module__root__V)
                  20001c90    00000008     app_ble_pem3.oem3 (.data:ti_sysbios_knl_Clock_Module__root__V)
                  20001c98    00000008     app_ble_pem3.oem3 (.data:ti_sysbios_knl_Event_Module__root__V)
                  20001ca0    00000008     app_ble_pem3.oem3 (.data:ti_sysbios_knl_Mailbox_Module__root__V)
                  20001ca8    00000008     app_ble_pem3.oem3 (.data:ti_sysbios_knl_Queue_Module__root__V)
                  20001cb0    00000008     app_ble_pem3.oem3 (.data:ti_sysbios_knl_Semaphore_Module__root__V)
                  20001cb8    00000008     app_ble_pem3.oem3 (.data:ti_sysbios_knl_Swi_Module__root__V)
                  20001cc0    00000008     app_ble_pem3.oem3 (.data:ti_sysbios_knl_Task_Module__root__V)
                  20001cc8    00000004     ble_user_config.obj (.data)
                  20001ccc    00000004     hid_emu_kbd_cc2640r2lp_stack_library.lib : ble_user_config.obj (.data)
                  20001cd0    00000004                                              : osal_bufmgr.obj (.data)
                  20001cd4    00000004     rtsv7M3_T_le_eabi.lib : stkdepth_vars.c.obj (.data)
                  20001cd8    00000004     app_ble_pem3.oem3 (.data:ti_sysbios_family_arm_m3_Hwi_Module_State_0_excContext__A)
                  20001cdc    00000004     app_ble_pem3.oem3 (.data:ti_sysbios_family_arm_m3_Hwi_Module_State_0_excStack__A)
                  20001ce0    00000004     app_ble_pem3.oem3 (.data:ti_sysbios_knl_Task_Module_State_0_idleTask__A)
                  20001ce4    00000002     scanparamservice.obj (.data)
                  20001ce6    00000002     app_ble_pem3.oem3 (.data:ti_sysbios_family_arm_m3_Hwi_Module_State_0_excActive__A)
                  20001ce8    00000001     battservice.obj (.data)
                  20001ce9    00000001     cc26xx_profiles_pxxx.a : gapgattserver.o (.data)
                  20001cea    00000001                            : gapgattserver.o (.data)
                  20001ceb    00000001                            : gapgattserver.o (.data)
                  20001cec    00000001     drivers_cc26x0r2.aem3 : UART.oem3 (.data)
                  20001ced    00000001     hiddev.obj (.data)

.bss       0    20001cf0    000007b9     UNINITIALIZED
                  20001cf0    000002a8     RFCC26XX_singleMode.obj (.bss:$O5$$)
                  20001f98    00000200     app_ble_pem3.oem3 (.bss:taskStackSection)
                  20002198    0000012c     (.common:uartCC26XXObjects)
                  200022c4    000000c8     (.common:ti_sysbios_family_arm_m3_Hwi_dispatchTable)
                  2000238c    00000080     (.common:cryptoCC26XXObjects)
                  2000240c    00000020     (.common:uartCC26XXRingBuffer)
                  2000242c    0000001c     drivers_cc26x0r2.aem3 : CryptoCC26XX.oem3 (.bss:CryptoSem)
                  20002448    00000014     driverlib.lib : osc.obj (.bss:oscHfGlobals$65)
                  2000245c    0000000c     hid_emu_kbd_cc2640r2lp_stack_library.lib : osal_timers.obj (.bss:$O21$$)
                  20002468    0000000c     cc2640_ll_pxxx_ext_scan_ext_adv.a : ll_scheduler.o (.bss)
                  20002474    00000008     dpl_cc26x0r2.aem3 : PowerCC26XX_tirtos.oem3 (.bss:$O1$$)
                  2000247c    00000008     driverlib.lib : sys_ctrl.obj (.bss:powerQualGlobals$67)
                  20002484    00000004     cc26xx_profiles_pxxx.a : gapgattserver.o (.bss)
                  20002488    00000004     hidkbdservice.obj (.bss)
                  2000248c    00000004     scanparamservice.obj (.bss:scanParamRefresh$19)
                  20002490    00000004     (.common:ClockP_tickPeriod)
                  20002494    00000004     (.common:tasksEvents)
                  20002498    00000004     (.common:trngCC26XXObjects)
                  2000249c    00000002     RFCC26XX_singleMode.obj (.bss)
                  2000249e    00000002     drivers_cc26x0r2.aem3 : UARTCC26XX.oem3 (.bss)
                  200024a0    00000001     cc2640_hci_tl_ext_scan_ext_adv_none.a : hci_tl.o (.bss)
                  200024a1    00000001                                           : hci_tl.o (.bss)
                  200024a2    00000001                                           : hci_tl.o (.bss)
                  200024a3    00000001                                           : hci_tl.o (.bss)
                  200024a4    00000001                                           : hci_tl.o (.bss)
                  200024a5    00000001     cc2640_ll_pxxx_ext_scan_ext_adv.a : ll.o (.bss)
                  200024a6    00000001     (.common:driverlib_release_0_49664)
                  200024a7    00000001     (.common:g_hwiInt)
                  200024a8    00000001     (.common:icall_liteTaskId)

.vtable    0    200024a9    00000000     UNINITIALIZED

.vtable_ram 
*          0    200024a9    00000000     UNINITIALIZED

vtable_ram 
*          0    200024a9    00000000     UNINITIALIZED

.sysmem    0    200024a9    00000000     UNINITIALIZED

.nonretenvar 
*          0    200024a9    00000000     UNINITIALIZED

.stack     0    20004000    00000400     UNINITIALIZED
                  20004000    00000400     --HOLE--

.text.1    0    0000003c    00000fc4     
                  0000003c    000006d0     hidemukbd.obj (.text:HidEmuKbd_taskFxn$1)
                  0000070c    00000008     (.tramp.ti_sysbios_knl_Event_pend__E.1)
                  00000714    00000008     ble_r2.symbols (.tramp.GATT_bm_free.1)
                  0000071c    00000008     (.tramp.ti_sysbios_knl_Queue_empty__E.1)
                  00000724    000005c0     cc2640_ll_pxxx_ext_scan_ext_adv.a : ll.o (.text)
                  00000ce4    00000008     ble_r2.symbols (.tramp.LL_ENC_GenerateTrueRandNum.1)
                  00000cec    00000008     ble_r2.symbols (.tramp.LL_PRIV_GenerateRSA.1)
                  00000cf4    00000008     ble_r2.symbols (.tramp.LL_ENC_Init.1)
                  00000cfc    00000294     peripheral.obj (.text:GAPRole_SetParameter)
                  00000f90    00000070     icall.obj (.text:ICall_heapGetStats)

.text.2    0    00001330    0000c6e4     
                  00001330    00000570     peripheral.obj (.text:gapRole_taskFxn$18)
                  000018a0    00000464     hid_emu_kbd_cc2640r2lp_stack_library.lib : icall_startup.obj (.text:startup_entry)
                  00001d04    00000458     hiddev.obj (.text:HidDev_taskFxn$16)
                  0000215c    00000340     RFCC26XX_singleMode.obj (.text:fsmActiveState$5)
                  0000249c    00000314     drivers_cc26x0r2.aem3 : PowerCC26XX_calibrateRCOSC.oem3 (.text:PowerCC26XX_auxISR)
                  000027b0    00000300     cc2640_ll_pxxx_ext_scan_ext_adv.a : ll_scheduler.o (.text)
                  00002ab0    000002e4                                       : ll.o (.text)
                  00002d94    00000258     drivers_cc26x0r2.aem3 : CryptoCC26XX.oem3 (.text:cryptoTransactionExecute)
                  00002fec    00000244                           : PowerCC26XX.oem3 (.text:Power_sleep)
                  00003230    00000238     cc26xx_profiles_pxxx.a : gapgattserver.o (.text)
                  00003468    0000022c     hid_emu_kbd_cc2640r2lp_stack_library.lib : gapbondmgr.obj (.text:GAPBondMgr_SetParameter)
                  00003694    00000220     driverlib.lib : sys_ctrl.obj (.text:NOROM_SysCtrlSetRechargeBeforePowerDown)
                  000038b4    00000220     cc2640_ll_pxxx_ext_scan_ext_adv.a : ll_isr.o (.text)
                  00003ad4    0000021c     RFCC26XX_singleMode.obj (.text:RF_open)
                  00003cf0    00000214     cc2640_ll_pxxx_ext_scan_ext_adv.a : ll_common.o (.text)
                  00003f04    00000204     cc26xx_profiles_pxxx.a : gattservapp.o (.text)
                  00004108    00000204     cc26xx_sm_pxxx.a : sm_pairing.o (.text)
                  0000430c    000001e4     hid_emu_kbd_cc2640r2lp_stack_library.lib : gapbondmgr.obj (.text:GAPBondMgr_ProcessGAPMsg)
                  000044f0    000001dc     RFCC26XX_singleMode.obj (.text:fsmSetupState$5)
                  000046cc    000001d0     hid_emu_kbd_cc2640r2lp_stack_library.lib : gapbondmgr.obj (.text:gapBondMgrAddBond$34)
                  0000489c    000001c4     cc2640_ll_pxxx_ext_scan_ext_adv.a : ll_isr.o (.text)
                  00004a60    000001bc     drivers_cc26x0r2.aem3 : PINCC26XX.oem3 (.text:PIN_init)
                  00004c1c    000001ac     RFCC26XX_singleMode.obj (.text:hwiFxnCpe0Active$5)
                  00004dc8    000001a8     cc2640_ll_pxxx_ext_scan_ext_adv.a : ll_isr.o (.text)
                  00004f70    00000194     ECCROMCC26XX.obj (.text:ECCROMCC26XX_genDHKey)
                  00005104    00000190     drivers_cc26x0r2.aem3 : PowerCC26XX_calibrateRCOSC.oem3 (.text:PowerCC26XX_doCalibrate)
                  00005294    00000190     hid_emu_kbd_cc2640r2lp_stack_library.lib : gapbondmgr.obj (.text:gapBondMgrAuthenticate$34)
                  00005424    00000190     icall.obj (.text:icall_directAPI)
                  000055b4    00000170     cc2640_ll_pxxx_ext_scan_ext_adv.a : ll.o (.text)
                  00005724    0000015c     drivers_cc26x0r2.aem3 : UARTCC26XX.oem3 (.text:UARTCC26XX_open)
                  00005880    00000150     hid_emu_kbd_cc2640r2lp_stack_library.lib : gapbondmgr.obj (.text:GAPBondMgr_ProcessEvent)
                  000059d0    00000138     hiddev.obj (.text:HidDev_WriteAttrCB)
                  00005b08    0000012c     drivers_cc26x0r2.aem3 : PowerCC26XX.oem3 (.text:Power_init)
                  00005c34    00000128     ECCROMCC26XX.obj (.text:ECCROMCC26XX_genKeys)
                  00005d5c    00000128     cc2640_ll_pxxx_ext_scan_ext_adv.a : ll_scheduler.o (.text)
                  00005e84    00000124     hid_emu_kbd_cc2640r2lp_stack_library.lib : gapbondmgr.obj (.text:gapBondMgrEraseBonding$34)
                  00005fa8    0000011c     drivers_cc26x0r2.aem3 : UARTCC26XX.oem3 (.text:UARTCC26XX_read)
                  000060c4    00000114     hid_emu_kbd_cc2640r2lp_stack_library.lib : osal_snv_wrapper.obj (.text:compactPage$31)
                  000061d8    00000112     drivers_cc26x0r2.aem3 : UARTCC26XX.oem3 (.text:UARTCC26XX_hwiIntFxn)
                  000062ea    00000112     cc26xx_gatt_pxxx.a : gatt_server.o (.text)
                  000063fc    00000100     RFCC26XX_singleMode.obj (.text:radioOpDoneCb$5)
                  000064fc    000000fc     RFCC26XX_singleMode.obj (.text:RF_postCmd)
                  000065f8    000000fc     drivers_cc26x0r2.aem3 : UARTCC26XX.oem3 (.text:UARTCC26XX_write)
                  000066f4    000000f8     hid_emu_kbd_cc2640r2lp_stack_library.lib : osal_snv_wrapper.obj (.text:osal_snv_write)
                  000067ec    000000ec                                              : gapbondmgr.obj (.text:GAPBondMgr_GetParameter)
                  000068d8    000000ec                                              : gapbondmgr.obj (.text:GAPBondMgr_LinkEst)
                  000069c4    000000ec     RFCC26XX_singleMode.obj (.text:RF_pendCmd)
                  00006ab0    000000ec     cc26xx_profiles_pxxx.a : gattservapp.o (.text)
                  00006b9c    000000ec     RFCC26XX_singleMode.obj (.text:fsmPowerUpState$5)
                  00006c88    000000e8     hiddev.obj (.text:HidDev_ReadAttrCB)
                  00006d70    000000e8     dpl_cc26x0r2.aem3 : PowerCC26XX_tirtos.oem3 (.text:PowerCC26XX_standbyPolicy)
                  00006e58    000000e8     hid_emu_kbd_cc2640r2lp_stack_library.lib : osal_timers.obj (.text:osalTimerUpdate)
                  00006f40    000000e4     cc26xx_sm_pxxx.a : sm_pairing.o (.text)
                  00007024    000000dc     drivers_cc26x0r2.aem3 : PINCC26XX.oem3 (.text:PINCC26XX_setIoCfg)
                  00007100    000000d8     hidemukbd.obj (.text:HidEmuKbd_reportCB$1)
                  000071d8    000000d4     drivers_cc26x0r2.aem3 : CryptoCC26XX.oem3 (.text:CryptoCC26XX_open)
                  000072ac    000000d4     cc2640_ll_pxxx_ext_scan_ext_adv.a : ll_scheduler.o (.text)
                  00007380    000000c4     cc26xx_sm_pxxx.a : sm_pairing.o (.text)
                  00007444    000000c4     main.obj (.text:main)
                  00007508    000000c0     hid_emu_kbd_cc2640r2lp_stack_library.lib : osal.obj (.text:osal_set_event)
                  000075c8    000000bc     drivers_cc26x0r2.aem3 : PowerCC26XX.oem3 (.text:Power_releaseDependency)
                  00007684    000000b8     driverlib.lib : setup.obj (.text:NOROM_SetupTrimDevice)
                  0000773c    000000b4     drivers_cc26x0r2.aem3 : PowerCC26XX.oem3 (.text:Power_setDependency)
                  000077f0    000000b0     TRNGCC26XX.obj (.text:TRNGCC26XX_getNumber)
                  000078a0    000000b0     drivers_cc26x0r2.aem3 : UARTCC26XX.oem3 (.text:UARTCC26XX_initHw)
                  00007950    000000b0     RFCC26XX_singleMode.obj (.text:abortCmd$5)
                  00007a00    000000b0     cc2640_hci_pxxx_ext_scan_ext_adv.a : hci_event.o (.text)
                  00007ab0    000000a8     devinfoservice.obj (.text:devInfo_ReadAttrCB$13)
                  00007b58    000000a8     RFCC26XX_singleMode.obj (.text:swiFxnHw$5)
                  00007c00    000000a4     hid_emu_kbd_cc2640r2lp_stack_library.lib : gapbondmgr.obj (.text:GAPBondMgr_ResolveAddr)
                  00007ca4    000000a4                                              : osal.obj (.text:osal_msg_enqueue_push$27)
                  00007d48    000000a4     drivers_cc26x0r2.aem3 : PowerCC26XX.oem3 (.text:switchXOSCHFclockFunc)
                  00007dec    000000a0     auto_init.aem3 : auto_init.oem3 (.text)
                  00007e8c    000000a0     RFCC26XX_singleMode.obj (.text:discardPendCmd$5)
                  00007f2c    000000a0     hid_emu_kbd_cc2640r2lp_stack_library.lib : osal_timers.obj (.text:osal_timer_refTimeUpdate)
                  00007fcc    0000009e                                              : gapbondmgr.obj (.text:gapBondMgrUpdateCharCfg$34)
                  0000806a    00000002     ble_user_config.obj (.text:DefaultAssertCback)
                  0000806c    0000009c     npi_tl_uart.obj (.text:NPITLUART_initializeTransport)
                  00008108    0000009c     hid_emu_kbd_cc2640r2lp_stack_library.lib : osal_cbtimer.obj (.text:cbTimerSetup$42)
                  000081a4    0000009c     rtsv7M3_T_le_eabi.lib : memcpy_t2.asm.obj (.text)
                  00008240    00000098     hiddev.obj (.text:HidDev_Report)
                  000082d8    00000098     drivers_cc26x0r2.aem3 : PINCC26XX.oem3 (.text:PIN_open)
                  00008370    00000098                           : UARTCC26XX.oem3 (.text:UARTCC26XX_initIO)
                  00008408    00000098     hid_emu_kbd_cc2640r2lp_stack_library.lib : osal_cbtimer.obj (.text:osal_CbTimerProcessEvent)
                  000084a0    00000098     rom_sysbios.aem3 : rom_sysbios.obj (.text:ti_sysbios_knl_Clock_workFuncDynamic__E)
                  00008538    00000096     rtsv7M3_T_le_eabi.lib : ull_div_t2.asm.obj (.text)
                  000085ce    00000002     hiddev.obj (.text:HidDev_scanParamCB$16)
                  000085d0    00000094     icall.obj (.text:ICall_setTimer)
                  00008664    00000090     driverlib.lib : crypto.obj (.text:NOROM_CRYPTOAesLoadKey)
                  000086f4    00000090                   : setup.obj (.text:TrimAfterColdResetWakeupFromShutDown$24)
                  00008784    00000090     cc2640_hci_tl_ext_scan_ext_adv_none.a : hci_tl.o (.text)
                  00008814    00000090     cc2640_ll_pxxx_ext_scan_ext_adv.a : ll_enc.o (.text)
                  000088a4    00000090     hid_emu_kbd_cc2640r2lp_stack_library.lib : osal.obj (.text:osal_msg_receive)
                  00008934    0000008c     icall.obj (.text:ICall_heapMalloc)
                  000089c0    0000008c     drivers_cc26x0r2.aem3 : UARTCC26XX.oem3 (.text:UARTCC26XX_close)
                  00008a4c    0000008c                           : UARTCC26XX.oem3 (.text:UARTCC26XX_writeCancel)
                  00008ad8    0000008c     cc2640_ll_pxxx_ext_scan_ext_adv.a : ll_isr.o (.text)
                  00008b64    0000008c     RFCC26XX_singleMode.obj (.text:ratFreeChannel$5)
                  00008bf0    0000008c     drivers_cc26x0r2.aem3 : UARTCC26XX.oem3 (.text:writeFinishedDoCallback)
                  00008c7c    00000088                           : CryptoCC26XX.oem3 (.text:CryptoCC26XX_allocateKey)
                  00008d04    00000088     battservice.obj (.text:battNotifyLevel$12)
                  00008d8c    00000088     cc2640_ll_pxxx_ext_scan_ext_adv.a : ll.o (.text)
                  00008e14    00000088     cc26xx_profiles_pxxx.a : gapgattserver.o (.text)
                  00008e9c    00000088     peripheral.obj (.text:gapRole_startConnUpdate$18)
                  00008f24    00000088     RFCC26XX_singleMode.obj (.text:hwiFxnHw$5)
                  00008fac    00000086     cc2640_ll_pxxx_ext_scan_ext_adv.a : ll_common.o (.text)
                  00009032    00000002     hidemukbd.obj (.text:HidEmuKbd_hidEventCB$1)
                  00009034    00000080     npi_tl_uart.obj (.text:NPITLUART_readCallBack$2)
                  000090b4    0000007c     cc2640_hci_pxxx_ext_scan_ext_adv.a : hci_event.o (.text)
                  00009130    0000007c     cc2640_ll_pxxx_ext_scan_ext_adv.a : ll_scheduler.o (.text)
                  000091ac    0000007c     cc26xx_gap_pxxx.a : gap_linkmgr.o (.text)
                  00009228    0000007c     hid_emu_kbd_cc2640r2lp_stack_library.lib : osal.obj (.text:osal_event_send$27)
                  000092a4    0000007c     RFCC26XX_singleMode.obj (.text:rfReleaseConstraint)
                  00009320    0000007a     rtsv7M3_T_le_eabi.lib : memset_t2.asm.obj (.text)
                  0000939a    00000002     hid_emu_kbd_cc2640r2lp_stack_library.lib : onboard.obj (.text:Onboard_soft_reset)
                  0000939c    00000078                                              : gapbondmgr.obj (.text:GAPBondMgr_syncResolvingList)
                  00009414    00000078     cc26xx_profiles_pxxx.a : gattservapp.o (.text)
                  0000948c    00000078     drivers_cc26x0r2.aem3 : UARTCC26XX.oem3 (.text:writeTxFifoFlush)
                  00009504    00000074     cc2640_ll_pxxx_ext_scan_ext_adv.a : ll_common.o (.text)
                  00009578    00000074     hid_emu_kbd_cc2640r2lp_stack_library.lib : gapbondmgr.obj (.text:gapBondMgrBondReq$34)
                  000095ec    00000074     rom_sysbios.aem3 : rom_sysbios.obj (.text:ti_sysbios_family_arm_cc26xx_Timer_start__E)
                  00009660    00000070     icall.obj (.text:ICall_heapInit)
                  000096d0    00000070     driverlib.lib : sys_ctrl.obj (.text:NOROM_SysCtrlAdjustRechargeAfterPowerDown)
                  00009740    00000070     hid_emu_kbd_cc2640r2lp_stack_library.lib : ble_dispatch_lite.obj (.text:ble_dispatch_liteProcess)
                  000097b0    00000070     drivers_cc26x0r2.aem3 : PowerCC26XX.oem3 (.text:lfClockReadyCallback)
                  00009820    00000070     hid_emu_kbd_cc2640r2lp_stack_library.lib : osal_snv_wrapper.obj (.text:writeWord$31)
                  00009890    0000006c     hiddev.obj (.text:HidDev_sendReport$16)
                  000098fc    0000006c     icall.obj (.text:ICall_sendServiceComplete)
                  00009968    0000006c     driverlib.lib : osc.obj (.text:NOROM_OSCHF_AttemptToSwitchToXosc)
                  000099d4    0000006c     drivers_cc26x0r2.aem3 : PowerCC26XX_calibrateRCOSC.oem3 (.text:PowerCC26XX_initiateCalibration)
                  00009a40    0000006c     cc2640_ll_pxxx_ext_scan_ext_adv.a : ll_scheduler.o (.text)
                  00009aac    0000006c     drivers_cc26x0r2.aem3 : PowerCC26XX.oem3 (.text:configureXOSCHF)
                  00009b18    0000006c     RFCC26XX_singleMode.obj (.text:ratDispatchTime$5)
                  00009b84    00000068     driverlib.lib : sys_ctrl.obj (.text:NOROM_SysCtrl_DCDC_VoltageConditionalControl)
                  00009bec    00000068     drivers_cc26x0r2.aem3 : UARTCC26XX.oem3 (.text:UARTCC26XX_readCancel)
                  00009c54    00000068     rtsv7M3_T_le_eabi.lib : copy_decompress_lzss.c.obj (.text:decompress:lzss:__TI_decompress_lzss)
                  00009cbc    00000068     hid_emu_kbd_cc2640r2lp_stack_library.lib : osal_cbtimer.obj (.text:osal_CbTimerUpdate)
                  00009d24    00000064     npi_tl_uart.obj (.text:DebugPrint)
                  00009d88    00000064     icall.obj (.text:ICall_send)
                  00009dec    00000064     cc26xx_profiles_pxxx.a : gattservapp.o (.text)
                  00009e50    00000060     gattservapp_util.obj (.text:GATTServApp_ProcessCCCWriteReq)
                  00009eb0    00000060     icall.obj (.text:ICall_createRemoteTasksAtRuntime)
                  00009f10    00000060     icall.obj (.text:ICall_enrollService)
                  00009f70    00000060     RFCC26XX_singleMode.obj (.text:fsmXOSCState$5)
                  00009fd0    0000005e     icall.obj (.text:ICall_fetchMsg)
                  0000a02e    00000002     hid_emu_kbd_cc2640r2lp_stack_library.lib : sm_ecc.obj (.text:SM_dhKeyCB)
                  0000a030    0000005c     hiddev.obj (.text:HidDev_sendNoti$16)
                  0000a08c    0000005c     icall.obj (.text:ICall_pwrUpdActivityCounter)
                  0000a0e8    0000005c     drivers_cc26x0r2.aem3 : PowerCC26XX_calibrateRCOSC.oem3 (.text:PowerCC26XX_RCOSC_clockFunc)
                  0000a144    0000005c                           : PowerCC26XX.oem3 (.text:PowerCC26XX_calibrate)
                  0000a1a0    0000005c     cc26xx_profiles_pxxx.a : gattservapp.o (.text)
                  0000a1fc    0000005c     app_ble_pem3.oem3 (.text:xdc_runtime_Startup_getState__I)
                  0000a258    0000005a     RFCC26XX_singleMode.obj (.text:syncCb$5)
                  0000a2b2    00000058     icall.obj (.text:ICall_wait)
                  0000a30a    00000002     hid_emu_kbd_cc2640r2lp_stack_library.lib : sm_ecc.obj (.text:SM_p256KeyCB)
                  0000a30c    00000058     drivers_cc26x0r2.aem3 : PINCC26XX.oem3 (.text:PIN_remove)
                  0000a364    00000058     RFCC26XX_singleMode.obj (.text:RF_getCurrentTime)
                  0000a3bc    00000058     drivers_cc26x0r2.aem3 : UARTCC26XX.oem3 (.text:UARTCC26XX_control)
                  0000a414    00000058     battservice.obj (.text:battReadAttrCB$12)
                  0000a46c    00000058     RFCC26XX_singleMode.obj (.text:dispatchNextEvent$5)
                  0000a4c4    00000058     hid_emu_kbd_cc2640r2lp_stack_library.lib : osal_snv_wrapper.obj (.text:findItem$31)
                  0000a51c    00000058                                              : gapbondmgr.obj (.text:gapBondMgrReadBonds$34)
                  0000a574    00000058                                              : osal_cbtimer.obj (.text:osal_CbTimerStop)
                  0000a5cc    00000054     RFCC26XX_singleMode.obj (.text:cmdDispatchTime$5)
                  0000a620    00000054     scanparamservice.obj (.text:scanParamWriteAttrCB$19)
                  0000a674    00000050     ECCROMCC26XX.obj (.text:ECCROMCC26XX_Params_init)
                  0000a6c4    00000050     hid_emu_kbd_cc2640r2lp_stack_library.lib : gapbondmgr.obj (.text:GAPBondMgr_LinkTerm)
                  0000a714    00000050     hiddev.obj (.text:HidDev_highAdvertising$16)
                  0000a764    00000050     hiddev.obj (.text:HidDev_initialAdvertising$16)
                  0000a7b4    00000050     icall.obj (.text:ICall_registerApp)
                  0000a804    00000050     RFCC26XX_singleMode.obj (.text:RF_getInfo)
                  0000a854    00000050     cc26xx_profiles_pxxx.a : gattservapp.o (.text)
                  0000a8a4    00000050     drivers_cc26x0r2.aem3 : UARTCC26XX.oem3 (.text:startTxFifoEmptyClk)
                  0000a8f4    0000004c     icall.obj (.text:ICall_newTask$7)
                  0000a940    0000004c     RFCC26XX_singleMode.obj (.text:RF_wakeupNotifyFxn$5)
                  0000a98c    0000004c     battservice.obj (.text:battWriteAttrCB$12)
                  0000a9d8    0000004c     rtsv7M3_T_le_eabi.lib : cpy_tbl.c.obj (.text:copy_in)
                  0000aa24    0000004c     hid_emu_kbd_cc2640r2lp_stack_library.lib : gapbondmgr.obj (.text:gapBondMgrUpdateLruBondList$34)
                  0000aa70    0000004c                                              : osal_bufmgr.obj (.text:osal_bm_free)
                  0000aabc    00000048     dpl_cc26x0r2.aem3 : ClockP_tirtos.oem3 (.text:ClockP_construct)
                  0000ab04    00000048     ECCROMCC26XX.obj (.text:ECC_initGlobals$4)
                  0000ab4c    00000048     drivers_cc26x0r2.aem3 : PINCC26XX.oem3 (.text:PIN_setOutputEnable)
                  0000ab94    00000048     RFCC26XX_singleMode.obj (.text:Q_push$5)
                  0000abdc    00000048     util.obj (.text:Util_constructClock)
                  0000ac24    00000048     hid_emu_kbd_cc2640r2lp_stack_library.lib : osal_timers.obj (.text:osalAddTimer)
                  0000ac6c    00000048     rom_sysbios.aem3 : rom_sysbios.obj (.text:ti_sysbios_family_arm_cc26xx_Timer_setThreshold__I)
                  0000acb4    00000044     drivers_cc26x0r2.aem3 : CryptoCC26XX.oem3 (.text:CryptoCC26XX_loadKey)
                  0000acf8    00000044     driverlib.lib : osc.obj (.text:NOROM_OSCHF_SwitchToRcOscTurnOffXosc)
                  0000ad3c    00000044     drivers_cc26x0r2.aem3 : RingBuf.oem3 (.text:RingBuf_put)
                  0000ad80    00000044     boot.aem3 : boot.oem3 (.text)
                  0000adc4    00000044     cc2640_ll_pxxx_ext_scan_ext_adv.a : ll_scheduler.o (.text)
                  0000ae08    00000044     cc26xx_profiles_pxxx.a : gattservapp.o (.text)
                  0000ae4c    00000044     drivers_cc26x0r2.aem3 : PowerCC26XX.oem3 (.text:notify)
                  0000ae90    00000044     hid_emu_kbd_cc2640r2lp_stack_library.lib : osal_timers.obj (.text:osal_start_timerEx)
                  0000aed4    00000042                                              : gapbondmgr.obj (.text:GAPBondMgr_UpdateCharCfg)
                  0000af16    00000042                                              : gap.obj (.text:GAP_DeviceInit)
                  0000af58    00000040     battservice.obj (.text:Batt_GetParameter)
                  0000af98    00000040     ECCROMCC26XX.obj (.text:ECCROMCC26XX_init)
                  0000afd8    00000040     peripheral.obj (.text:GAPRole_createTask)
                  0000b018    00000040     drivers_cc26x0r2.aem3 : PINCC26XX.oem3 (.text:PIN_swi)
                  0000b058    00000040                           : PowerCC26XX.oem3 (.text:PowerCC26XX_isStableXOSC_HF)
                  0000b098    00000040                           : UART.oem3 (.text:UART_init)
                  0000b0d8    00000040                           : UART.oem3 (.text:UART_open)
                  0000b118    00000040     cc2640_ll_pxxx_ext_scan_ext_adv.a : ll_isr.o (.text)
                  0000b158    00000040     cc26xx_profiles_pxxx.a : gattservapp.o (.text)
                  0000b198    00000040                            : gattservapp.o (.text)
                  0000b1d8    00000040     hid_emu_kbd_cc2640r2lp_stack_library.lib : osal_snv_wrapper.obj (.text:erasePage$31)
                  0000b218    00000040     rom_sysbios.aem3 : rom_sysbios.obj (.text:ti_sysbios_heaps_HeapCallback_Module_startup__E)
                  0000b258    0000003e     dpl_cc26x0r2.aem3 : HwiP_tirtos.oem3 (.text:HwiP_construct)
                  0000b296    0000003e     drivers_cc26x0r2.aem3 : RingBuf.oem3 (.text:RingBuf_get)
                  0000b2d4    0000003c     hiddev.obj (.text:HidDev_createTask)
                  0000b310    0000003c     hidemukbd.obj (.text:HidEmuKbd_createTask)
                  0000b34c    0000003c     driverlib.lib : osc.obj (.text:NOROM_OSC_HPOSCRelativeFrequencyOffsetGet)
                  0000b388    0000003c     dpl_cc26x0r2.aem3 : SwiP_tirtos.oem3 (.text:SwiP_construct)
                  0000b3c4    0000003c     cc2640_hci_tl_ext_scan_ext_adv_none.a : hci_tl.o (.text)
                  0000b400    0000003c     cc2640_ll_pxxx_ext_scan_ext_adv.a : ll_scheduler.o (.text)
                  0000b43c    0000003c     cc26xx_profiles_pxxx.a : gattservapp.o (.text)
                  0000b478    0000003c                            : gattservapp.o (.text)
                  0000b4b4    0000003c     drivers_cc26x0r2.aem3 : PowerCC26XX.oem3 (.text:disableLfClkQualifiersEnableClkLoss)
                  0000b4f0    0000003c     hid_emu_kbd_cc2640r2lp_stack_library.lib : osal_bufmgr.obj (.text:osal_bm_alloc)
                  0000b52c    0000003c                                              : osal_timers.obj (.text:osal_start_reload_timer)
                  0000b568    0000003c     rom_sysbios.aem3 : rom_sysbios.obj (.text:ti_sysbios_family_arm_m3_Hwi_construct2__E)
                  0000b5a4    0000003a     RFCC26XX_singleMode.obj (.text:calculateDispatchTime$5)
                  0000b5de    00000002     rtsv7M3_T_le_eabi.lib : _lock.c.obj (.text:_nop)
                  0000b5e0    00000038     board_key.obj (.text:Board_keyCallback$0)
                  0000b618    00000038     hiddev.obj (.text:HidDev_reportById$16)
                  0000b650    00000038     drivers_cc26x0r2.aem3 : PINCC26XX.oem3 (.text:PIN_setOutputValue)
                  0000b688    00000038                           : UARTCC26XX.oem3 (.text:UARTCC26XX_swiIntFxn)
                  0000b6c0    00000038     util.obj (.text:Util_restartClock)
                  0000b6f8    00000038     cc2640_ll_pxxx_ext_scan_ext_adv.a : ll_scheduler.o (.text)
                  0000b730    00000038                                       : ll_scheduler.o (.text)
                  0000b768    00000038     cc26xx_l2cap_pxxx.a : l2cap_util.o (.text)
                  0000b7a0    00000038     hid_emu_kbd_cc2640r2lp_stack_library.lib : osal_snv_wrapper.obj (.text:disableCache$31)
                  0000b7d8    00000038                                              : osal.obj (.text:osal_alien2proxy)
                  0000b810    00000038     rom_sysbios.aem3 : rom_sysbios.obj (.text:ti_sysbios_family_arm_cc26xx_Timer_getCurrentTick__E)
                  0000b848    00000036                      : rom_sysbios.obj (.text:ti_sysbios_family_arm_cc26xx_Timer_setNextTick__E)
                  0000b87e    00000002     RFCC26XX_singleMode.obj (.text:defaultCallback$5)
                  0000b880    00000034     gattservapp_util.obj (.text:GATTServApp_InitCharCfg)
                  0000b8b4    00000034     hiddev.obj (.text:HidDev_reportByHandle$16)
                  0000b8e8    00000034     icall.obj (.text:ICall_heapFree)
                  0000b91c    00000034     icall.obj (.text:ICall_searchServiceEntity)
                  0000b950    00000034     drivers_cc26x0r2.aem3 : PINCC26XX.oem3 (.text:PIN_setConfig)
                  0000b984    00000034                           : PowerCC26XX.oem3 (.text:Power_releaseConstraint)
                  0000b9b8    00000034     util.obj (.text:Util_enqueueMsg)
                  0000b9ec    00000034     cc2640_ll_pxxx_ext_scan_ext_adv.a : ll_scheduler.o (.text)
                  0000ba20    00000034     hid_emu_kbd_cc2640r2lp_stack_library.lib : osal.obj (.text:osal_clear_event)
                  0000ba54    00000034                                              : osal.obj (.text:osal_msec_timer_cback$27)
                  0000ba88    00000034                                              : osal_timers.obj (.text:osal_stop_timerEx)
                  0000babc    00000034     RFCC26XX_singleMode.obj (.text:runDirectImmediateCmd$5)
                  0000baf0    00000034     rom_sysbios.aem3 : rom_sysbios.obj (.text:ti_sysbios_family_arm_cc26xx_Timer_initDevice__I)
                  0000bb24    00000032     main.obj (.text:AssertHandler)
                  0000bb56    00000032     icall.obj (.text:ICall_fetchServiceMsg)
                  0000bb88    00000030     hid_emu_kbd_cc2640r2lp_stack_library.lib : gapbondmgr.obj (.text:GAPBondMgr_PasscodeRsp)
                  0000bbb8    00000030     peripheral.obj (.text:GAPRole_TerminateConnection)
                  0000bbe8    00000030     hid_emu_kbd_cc2640r2lp_stack_library.lib : hal_flash_wrapper.obj (.text:HalFlashRead)
                  0000bc18    00000030     icall.obj (.text:ICall_dispatch$7)
                  0000bc48    00000030     icall.obj (.text:ICall_msecs2Ticks$7)
                  0000bc78    00000030     icall.obj (.text:ICall_primEntityId2ServiceId$7)
                  0000bca8    00000030     icall.obj (.text:ICall_searchTask$7)
                  0000bcd8    00000030     drivers_cc26x0r2.aem3 : PowerCC26XX.oem3 (.text:Power_setConstraint)
                  0000bd08    00000030     RFCC26XX_singleMode.obj (.text:RF_runCmd)
                  0000bd38    00000030     cc26xx_gap_pxxx.a : gap_configmgr.o (.text)
                  0000bd68    00000030     cc26xx_profiles_pxxx.a : gattservapp.o (.text)
                  0000bd98    00000030     hid_emu_kbd_cc2640r2lp_stack_library.lib : gapbondmgr.obj (.text:gapBondMgr_SyncWhiteList$34)
                  0000bdc8    00000030     RFCC26XX_singleMode.obj (.text:getCmd$5)
                  0000bdf8    00000030     hid_emu_kbd_cc2640r2lp_stack_library.lib : osal_timers.obj (.text:osal_get_timeoutEx)
                  0000be28    00000030     app_ble_pem3.oem3 (.text:ti_sysbios_BIOS_atExitFunc__I)
                  0000be58    00000030     app_ble_pem3.oem3 (.text:ti_sysbios_BIOS_startFunc__I)
                  0000be88    00000030     app_ble_pem3.oem3 (.text:ti_sysbios_heaps_HeapCallback_Object__create__S)
                  0000beb8    0000002e     hiddev.obj (.text:HidDev_passcodeCB$16)
                  0000bee6    0000002e     icall_cc2650.obj (.text:ICallPlatform_pwrDispenseImpl$8)
                  0000bf14    0000002e     icall_cc2650.obj (.text:ICallPlatform_pwrRequireImpl$8)
                  0000bf42    0000002e     cc26xx_profiles_pxxx.a : gattservapp.o (.text)
                  0000bf70    0000002e     drivers_cc26x0r2.aem3 : CryptoCC26XX.oem3 (.text:cryptoTransactionPend)
                  0000bf9e    0000002e     hid_emu_kbd_cc2640r2lp_stack_library.lib : osal.obj (.text:osal_build_uint32)
                  0000bfcc    0000002e     drivers_cc26x0r2.aem3 : UARTCC26XX.oem3 (.text:readData)
                  0000bffa    0000002e                           : UARTCC26XX.oem3 (.text:writeData)
                  0000c028    0000002c     icall.obj (.text:ICall_getLocalMsgEntityId)
                  0000c054    0000002c     icall.obj (.text:ICall_msgEnqueue$7)
                  0000c080    0000002c     driverlib.lib : chipinfo.obj (.text:NOROM_ChipInfo_GetChipFamily)
                  0000c0ac    0000002c     drivers_cc26x0r2.aem3 : PINCC26XX.oem3 (.text:PINCC26XX_setMux)
                  0000c0d8    0000002c     dpl_cc26x0r2.aem3 : SemaphoreP_tirtos.oem3 (.text:SemaphoreP_constructBinary)
                  0000c104    0000002c     hid_emu_kbd_cc2640r2lp_stack_library.lib : ble_dispatch_lite.obj (.text:bleDispatch_BMAlloc)
                  0000c130    0000002c     RFCC26XX_singleMode.obj (.text:calculateDeltaTimeUs$5)
                  0000c15c    0000002c     cc26xx_profiles_pxxx.a : gattservapp.o (.text)
                  0000c188    0000002c     cc26xx_sm_pxxx.a : sm_pairing.o (.text)
                  0000c1b4    0000002c     RFCC26XX_singleMode.obj (.text:executeDirectImmediateCmd$5)
                  0000c1e0    0000002c     hid_emu_kbd_cc2640r2lp_stack_library.lib : osal_snv_wrapper.obj (.text:findOffset$31)
                  0000c20c    0000002c                                              : gapbondmgr.obj (.text:gapBondMgrFindAddr$34)
                  0000c238    0000002c     rom_sysbios.aem3 : rom_sysbios.obj (.text:ti_sysbios_knl_Clock_getTicksUntilInterrupt__E)
                  0000c264    0000002a                      : rom_sysbios.obj (.text:ti_sysbios_knl_Clock_getTimeout__E)
                  0000c28e    00000002     drivers_cc26x0r2.aem3 : PowerCC26XX.oem3 (.text:emptyClockFunc)
                  0000c290    00000028     hiddev.obj (.text:HidDev_enqueueMsg$16)
                  0000c2b8    00000028     driverlib.lib : rfc.obj (.text:NOROM_RFCDoorbellSendTo)
[...]
20002460  osal_last_timestamp                                                       
20002468  llTaskList                                                                
20002474  PowerCC26XX_taskKey                                                       
20002478  PowerCC26XX_swiKey                                                        
20002490  ClockP_tickPeriod                                                         
20002494  tasksEvents                                                               
20002498  trngCC26XXObjects                                                         
200024a0  hciTaskID                                                                 
200024a1  hciGapTaskID                                                              
200024a2  hciTestTaskID                                                             
200024a3  hciL2capTaskID                                                            
200024a4  hciSmpTaskID                                                              
200024a5  scanReqRpt                                                                
200024a6  driverlib_release_0_49664                                                 
200024a7  g_hwiInt                                                                  
200024a8  icall_liteTaskId                                                          
200024a9  heapStart                                                                 
20004000  __stack                                                                   
20004000  heapEnd                                                                   
20004400  __STACK_END                                                               
20004400  __STACK_TOP                                                               
200044f8  RAM_BASE_ADDR                                                             
20004504  ROM_FlashJT                                                               
20004508  gapParameters                                                             
20004558  gapPeripheralCBs                                                          
20004564  gapPeripheralConnCBs                                                      
20004568  rfMode                                                                    
20004584  smResponderCBs                                                            
2000459c  slaveConnHandle                                                           
2000459e  nextHandle                                                                
200045a0  l2capMtuSize                                                              
200045a2  gapAppTaskID                                                              
200045a3  gapAdvAppTaskID                                                           
200045a4  gapUnwantedTaskID                                                         
200045a5  reqTaskId                                                                 
200045a6  gattAppTaskID                                                             
200045a7  appTaskID                                                                 
200045a8  flowCtrlTaskId                                                            
200045a9  SM_appTaskID                                                              
200045ac  resolvingList                                                             
200046ec  scanDataEntry                                                             
200047cc  wlTable                                                                   
200048a8  wlTableScan                                                               
20004988  rfObject                                                                  
20004a20  advCmd                                                                    
20004a68  localEccKeys                                                              
20004aac  initDataEntry                                                             
20004ae4  advDataEntry                                                              
20004b1c  l2capFixedChannels                                                        
20004b4c  linkCBs                                                                   
20004b7c  eccParams                                                                 
20004bac  initParam                                                                 
20004bd0  scanParam                                                                 
20004bf4  advParam                                                                  
20004c14  cryptoPRAND                                                               
20004c34  txModemTestCmd                                                            
20004c50  gapParams                                                                 
20004c6c  initCmd                                                                   
20004c84  connReqData                                                               
20004c9c  scanCmd                                                                   
20004cb4  scanOutput                                                                
20004ccc  trxTestCmd                                                                
20004ce4  rxModemTestCmd                                                            
20004cfc  rsp                                                                       
20004d14  fwParDtmCmd                                                               
20004d2c  rfSetup                                                                   
20004d44  fwParRfCmd                                                                
20004d5c  connOutput                                                                
20004d70  rxTestParam                                                               
20004d84  initDataQueue                                                             
20004d94  scanDataQueue                                                             
20004da4  advDataQueue                                                              
20004db4  advOutput                                                                 
20004dc4  txTestParam                                                               
20004dd4  initOutput                                                                
20004de0  rxTestOut                                                                 
20004dec  deviceFeatureSet                                                          
20004df8  cachedTRNGdata                                                            
20004e04  gapCurrentRandomAddr                                                      
20004e0c  slaveUpdateReq                                                            
20004e14  pBleEvtMask                                                               
20004e1c  pHciEvtMask                                                               
20004e24  pHciEvtMask2                                                              
20004e2c  ownPublicAddr                                                             
20004e34  ownRandomAddr                                                             
20004e3c  ownSavedPublicAddr                                                        
20004e44  fwImmedCmd                                                                
20004e4c  attServerNotifyTxCB                                                       
20004e50  rfEvent                                                                   
20004e58  fwParCmd                                                                  
20004e60  verInfo                                                                   
20004e68  llConns                                                                   
20004e70  fwParamImmedCmd                                                           
20004e78  privInfo                                                                  
20004e80  linkCmd                                                                   
20004e84  linkParam                                                                 
20004e88  rxDataQ                                                                   
20004e8c  txDataQ                                                                   
20004e90  rxRingBuf                                                                 
20004e94  txTestOut                                                                 
20004e98  pGapDiscReq                                                               
20004e9c  pGapAdvertState                                                           
20004ea0  pEstLink                                                                  
20004ea4  pAuthLink                                                                 
20004ea8  pfnCentralConnCBs                                                         
20004eac  pfnPeripheralConnCBs                                                      
20004eb0  pGapAdvTokens                                                             
20004eb4  pGapAdData                                                                
20004eb8  pGapScanRspData                                                           
20004ebc  pfnPeripheralCBs                                                          
20004ec0  pfnCentralCBs                                                             
20004ec4  pfnBondMgrCBs                                                             
20004ec8  serverInfoTbl                                                             
20004ecc  pServiceList                                                              
20004ed0  pfnServerProcessMsgCB                                                     
20004ed4  pfnClientProcessMsgCB                                                     
20004ed8  prepareWritesTbl                                                          
20004edc  serviceCBsList                                                            
20004ee0  pAttrValue                                                                
20004ee4  l2capChannels                                                             
20004ee8  linkDB                                                                    
20004eec  rfHandle                                                                  
20004ef0  rfDrvTblPtr                                                               
20004ef4  eccDrvTblPtr                                                              
20004ef8  cryptoDrvTblPtr                                                           
20004efc  trngDrvTblPtr                                                             
20004f00  activeConns                                                               
20004f04  SysBootMsg                                                                
20004f08  sclkSrc                                                                   
20004f0c  buildInfo                                                                 
20004f10  advInfo                                                                   
20004f14  scanInfo                                                                  
20004f18  initInfo                                                                  
20004f1c  dtmInfo                                                                   
20004f20  taskEndAction                                                             
20004f24  encParams                                                                 
20004f28  encHandle                                                                 
20004f2c  encKey                                                                    
20004f30  pPairingParams                                                            
20004f34  pfnResponderCBs                                                           
20004f38  pfnInitiatorCBs                                                           
20004f3c  gapLimitedAdvertisingTimeout                                              
20004f3e  attrLen                                                                   
20004f40  numHostBufs                                                               
20004f42  rfCmdHandle                                                               
20004f44  connInitialMaxTxOctets                                                    
20004f46  connInitialMaxTxTime                                                      
20004f48  supportedMaxTxOctets                                                      
20004f4a  supportedMaxTxTime                                                        
20004f4c  supportedMaxRxOctets                                                      
20004f4e  supportedMaxRxTime                                                        
20004f50  taskEndStatus                                                             
20004f52  postRfOperations                                                          
20004f54  rfCfgAdiVal                                                               
20004f58  gapProfileRole                                                            
20004f59  gapDeviceAddrMode                                                         
20004f5a  gapState                                                                  
20004f5b  terminateAllTaskID                                                        
20004f5c  terminateReason                                                           
20004f5d  gapTaskID                                                                 
20004f5e  gattNumConns                                                              
20004f5f  gattTaskID                                                                
20004f60  GATTServApp_TaskID                                                        
20004f61  maxNumPrepareWrites                                                       
20004f62  hciPTMenabled                                                             
20004f63  ctrlToHostEnable                                                          
20004f64  l2capFlowCtrlMode                                                         
20004f65  l2capTaskID                                                               
20004f66  l2capNumChannels                                                          
20004f67  l2capNumDataPkts                                                          
20004f68  l2capId                                                                   
20004f69  linkDBNumConns                                                            
20004f6a  linkDB_secureConnectionOnlyMode                                           
20004f6b  maxPduSize                                                                
20004f6c  rfFeModeBias                                                              
20004f6d  maxNumTxDataBufs                                                          
20004f6e  LL_TaskID                                                                 
20004f6f  llState                                                                   
20004f70  rssiCorrection                                                            
20004f71  curTxPowerVal                                                             
20004f72  maxTxPwrForDTM                                                            
20004f73  onePktPerEvt                                                              
20004f74  numComplPkts                                                              
20004f75  numComplPktsLimit                                                         
20004f76  numComplPktsFlush                                                         
20004f77  fastTxRespTime                                                            
20004f78  slOverride                                                                
20004f79  rxFifoFlowCtrl                                                            
20004f7a  numTxDataBufs                                                             
20004f7b  maxNumConns                                                               
20004f7c  smTaskID                                                                  
20004f7d  SM_appExpectingKey                                                        
20004f80  ECC_DATA$$Base                                                            
20004f80  eccRom_param_Gx                                                           
20004f84  eccRom_param_Gy                                                           
20004f88  eccRom_workzone                                                           
20004f8c  eccRom_param_p                                                            
20004f90  eccRom_param_r                                                            
20004f94  eccRom_param_a                                                            
20004f98  eccRom_param_b                                                            
20004f9c  eccRom_windowSize                                                         
20004fa0  aux64                                                                     
20004fa8  MOD                                                                       
20004fac  LEN                                                                       
20004fb0  inScalar                                                                  
20004fb4  inPointX                                                                  
20004fb8  inPointY                                                                  
20004fbc  outPointX                                                                 
20004fc0  outPointY                                                                 
20004fc4  SCAL                                                                      
20004fc8  EXPX                                                                      
20004fcc  EXPY                                                                      
20004fd0  EXPZ                                                                      
20004fd4  EXPW                                                                      
20004fd8  ACCX                                                                      
20004fdc  ACCY                                                                      
20004fe0  ACCZ                                                                      
20004fe4  TMP1                                                                      
20004fe8  TMP2                                                                      
20004fec  TMP3                                                                      
20004ff0  TMP4                                                                      
20004ff4  TMP5                                                                      
20004ff8  TMP6                                                                      
20004ffc  MSBMOD                                                                    
20005000  ECC_DATA$$Limit                                                           
20005000  __UNUSED_SRAM_end__                                                       
e000e000  ti_sysbios_family_arm_m3_Hwi_nvic                                         
ffffffff  __TI_pprof_out_hndl                                                       
ffffffff  __TI_prof_data_size                                                       
ffffffff  __TI_prof_data_start                                                      
ffffffff  __binit__                                                                 
ffffffff  __c_args__                                                                
ffffffff  binit                                                                     
UNDEFED   SHT$$INIT_ARRAY$$Base                                                     
UNDEFED   SHT$$INIT_ARRAY$$Limit                                                    

[2244 symbols]
